// Jest Snapshot v1, https://goo.gl/fbAQLP

exports[`renders correctly 1`] = `
<main
  className="main_page"
>
  <header
    className="header"
  >
    <h1
      className="title"
    >
      ADDRESSBUCH
    </h1>
  </header>
  <section
    className="section"
  >
    <button
      className="button button_default desktop_button"
      onClick={[Function]}
    >
      NEUER EINTRAG
    </button>
    <div
      className="cards_section"
    />
  </section>
</main>
`;
